// Vitest Snapshot v1, https://vitest.dev/guide/snapshot.html

exports[`[Header] component > should render component 1`] = `
<DocumentFragment>
  <div
    class="block block--x item _Header_f4f7a7"
    style="align-items: center; grid-area: top;"
  />
</DocumentFragment>
`;
