// Vitest Snapshot v1, https://vitest.dev/guide/snapshot.html

exports[`[AppRightPanel] component > should render component 1`] = `
<DocumentFragment>
  <div
    class="_AppRightPanel_59801a"
  >
    RIGHT PANEL
  </div>
</DocumentFragment>
`;
