// Vitest Snapshot v1, https://vitest.dev/guide/snapshot.html

exports[`[Table] component > should render component 1`] = `
<DocumentFragment>
  <div
    class="_Table_b2501f"
  />
</DocumentFragment>
`;
