// Vitest Snapshot v1, https://vitest.dev/guide/snapshot.html

exports[`[TextField] component > should render component 1`] = `
<DocumentFragment>
  <div
    class="block block--y item g--xs _BaseField_dd3532 _TextField_38be52"
  >
    <h6
      class="MuiTypography-root MuiTypography-subtitle2 MuiTypography-alignLeft text text--sm css-rak55z-MuiTypography-root"
    />
    <div
      class="MuiFormControl-root MuiTextField-root css-1u3bzj6-MuiFormControl-root-MuiTextField-root"
    >
      <div
        class="MuiInputBase-root MuiOutlinedInput-root MuiInputBase-colorPrimary MuiInputBase-formControl MuiInputBase-sizeSmall css-9ddj71-MuiInputBase-root-MuiOutlinedInput-root"
      >
        <input
          aria-invalid="false"
          class="MuiInputBase-input MuiOutlinedInput-input MuiInputBase-inputSizeSmall css-1n4twyu-MuiInputBase-input-MuiOutlinedInput-input"
          id=":r0:"
          name=""
          type="text"
          value=""
        />
        <fieldset
          aria-hidden="true"
          class="MuiOutlinedInput-notchedOutline css-1d3z3hw-MuiOutlinedInput-notchedOutline"
        >
          <legend
            class="css-ihdtdm"
          >
            <span
              class="notranslate"
            >
              â€‹
            </span>
          </legend>
        </fieldset>
      </div>
    </div>
    <div
      class="block block--y item _Messages_e4e642"
    />
  </div>
</DocumentFragment>
`;
