// Vitest Snapshot v1, https://vitest.dev/guide/snapshot.html

exports[`[AccountPage] component > should render component 1`] = `
<DocumentFragment>
  <div
    class="_AccountPage_4206e2"
  />
</DocumentFragment>
`;
