// Vitest Snapshot v1, https://vitest.dev/guide/snapshot.html

exports[`[Widget] component > should render component 1`] = `
<DocumentFragment>
  <span
    class="_Tooltip_a56b6c _Popup_e9087e _Menu_430dea"
    data-mui-internal-clone-element="true"
  >
    <div
      class="_Widget_5fa29d"
    />
  </span>
</DocumentFragment>
`;
