// Vitest Snapshot v1, https://vitest.dev/guide/snapshot.html

exports[`[App] component > should render component 1`] = `
<DocumentFragment>
  <div
    class="_App_8a1ac2"
  />
</DocumentFragment>
`;
