// Vitest Snapshot v1, https://vitest.dev/guide/snapshot.html

exports[`[GuidePage] component > should render component 1`] = `
<DocumentFragment>
  <div
    class="_GuidePage_2f2da0"
  />
</DocumentFragment>
`;
