// Vitest Snapshot v1, https://vitest.dev/guide/snapshot.html

exports[`[Page] component > should render component 1`] = `
<DocumentFragment>
  <div
    class="layout layout--columns d--y stretch _Page_d933f5"
  />
</DocumentFragment>
`;
