// Vitest Snapshot v1, https://vitest.dev/guide/snapshot.html

exports[`[SupportPage] component > should render component 1`] = `
<DocumentFragment>
  <div
    class="_SupportPage_52d382"
  />
</DocumentFragment>
`;
