// Vitest Snapshot v1, https://vitest.dev/guide/snapshot.html

exports[`[Image] component > should render component 1`] = `
<DocumentFragment>
  <img
    class="image"
  />
</DocumentFragment>
`;
