// Vitest Snapshot v1, https://vitest.dev/guide/snapshot.html

exports[`[Item] component > should render component 1`] = `
<DocumentFragment>
  <div
    class="item"
  />
</DocumentFragment>
`;
