// Vitest Snapshot v1, https://vitest.dev/guide/snapshot.html

exports[`[Menu] component > should render component 1`] = `
<DocumentFragment>
  <div
    class="_Menu_430dea"
  />
</DocumentFragment>
`;
