// Vitest Snapshot v1, https://vitest.dev/guide/snapshot.html

exports[`[Action] component > should render component 1`] = `
<DocumentFragment>
  <button
    class="action md"
  />
</DocumentFragment>
`;
