// Vitest Snapshot v1, https://vitest.dev/guide/snapshot.html

exports[`[Actions] component > should render component 1`] = `
<DocumentFragment>
  <div
    class="block block--x item _Actions_dd10e3"
    style="align-items: center;"
  />
</DocumentFragment>
`;
