// Vitest Snapshot v1, https://vitest.dev/guide/snapshot.html

exports[`[Card] component > should render component 1`] = `<DocumentFragment />`;
