// Vitest Snapshot v1, https://vitest.dev/guide/snapshot.html

exports[`[Specs] component > should render component 1`] = `
<DocumentFragment>
  <div
    class="block block--y item _Specs_66ed9c"
  />
</DocumentFragment>
`;
